Loaded 160 unique gene symbols from /quobyte/lasallegrp/projects/GROWELL/WGBS/2025_DBS_dmrich_George/results/egwg/Postpartum/DMRs/DMRs_annotated.xlsx

Running GO enrichment via clusterProfiler::enrichGO() (offline)...
Slimming 236 BP terms with rrvgo (threshold = 0.7)...
preparing gene to GO mapping data...
preparing IC data...
Slimming 19 CC terms with rrvgo (threshold = 0.7)...
preparing gene to GO mapping data...
preparing IC data...
Slimming 19 MF terms with rrvgo (threshold = 0.7)...
preparing gene to GO mapping data...
preparing IC data...
Warning message:
In rrvgo::calculateSimMatrix(sub$go, orgdb = annoDb, ont = ont_label,  :
  Removed 1 terms that were not found in orgdb for BP
Converting 160 gene symbols to Entrez IDs...
Mapped 160 of 160 gene symbols to 160 unique Entrez IDs.
Example Entrez IDs: 1044, 378805, 28966, 55275, 51741, 143098, 219931, 51530, 7535, 105370062
Running KEGG enrichment via clusterProfiler::enrichKEGG()...
Reading KEGG annotation online: "https://rest.kegg.jp/link/hsa/pathway"...
Reading KEGG annotation online: "https://rest.kegg.jp/list/pathway/hsa"...
GWAS Catalog enrichment: Enrichr attempt 1 of 3
Saved /quobyte/lasallegrp/projects/GROWELL/WGBS/2025_DBS_dmrich_George/results/egwg/Postpartum/enrichment/Postpartum_GO.pdf
Saved /quobyte/lasallegrp/projects/GROWELL/WGBS/2025_DBS_dmrich_George/results/egwg/Postpartum/enrichment/Postpartum_KEGG.pdf
Saved /quobyte/lasallegrp/projects/GROWELL/WGBS/2025_DBS_dmrich_George/results/egwg/Postpartum/enrichment/Postpartum_GWAS.pdf
Done.
