Loaded 176 unique gene symbols from /quobyte/lasallegrp/projects/GROWELL/WGBS/2025_DBS_dmrich_George/results/ppwr/Baseline/DMRs/DMRs_annotated.xlsx

Running GO enrichment via clusterProfiler::enrichGO() (offline)...
Slimming 322 BP terms with rrvgo (threshold = 0.7)...
preparing gene to GO mapping data...
preparing IC data...
Slimming 31 CC terms with rrvgo (threshold = 0.7)...
preparing gene to GO mapping data...
preparing IC data...
Slimming 58 MF terms with rrvgo (threshold = 0.7)...
preparing gene to GO mapping data...
preparing IC data...
Warning messages:
1: In clusterProfiler::bitr(genes, fromType = "SYMBOL", toType = "ENTREZID",  :
  0.57% of input gene IDs are fail to map...
2: In rrvgo::calculateSimMatrix(sub$go, orgdb = annoDb, ont = ont_label,  :
  Removed 1 terms that were not found in orgdb for BP
3: In rrvgo::calculateSimMatrix(sub$go, orgdb = annoDb, ont = ont_label,  :
  Removed 1 terms that were not found in orgdb for MF
Converting 176 gene symbols to Entrez IDs...
Mapped 175 of 176 gene symbols to 175 unique Entrez IDs.
Example Entrez IDs: 540, 9474, 105375392, 55112, 10797, 91452, 26468, 4342, 84310, 9948
Running KEGG enrichment via clusterProfiler::enrichKEGG()...
Reading KEGG annotation online: "https://rest.kegg.jp/link/hsa/pathway"...
Reading KEGG annotation online: "https://rest.kegg.jp/list/pathway/hsa"...
Warning message:
In clusterProfiler::bitr(genes, fromType = "SYMBOL", toType = "ENTREZID",  :
  0.57% of input gene IDs are fail to map...
GWAS Catalog enrichment: Enrichr attempt 1 of 3
Client error: (429) Too Many Requests (RFC 6585)
Warning message:
In format_flat(gwas_raw, "GWAS Catalog", opt$top_n) :
  Column 'P.value' not found for GWAS Catalog; skipping
Saved /quobyte/lasallegrp/projects/GROWELL/WGBS/2025_DBS_dmrich_George/results/ppwr/Baseline/enrichment/Baseline_GO.pdf
Saved /quobyte/lasallegrp/projects/GROWELL/WGBS/2025_DBS_dmrich_George/results/ppwr/Baseline/enrichment/Baseline_KEGG.pdf
Done.
