Loaded 206 unique gene symbols from /quobyte/lasallegrp/projects/GROWELL/WGBS/2025_DBS_dmrich_George/results/ppwr/Postpartum/DMRs/DMRs_annotated.xlsx

Running GO enrichment via clusterProfiler::enrichGO() (offline)...
Slimming 273 BP terms with rrvgo (threshold = 0.7)...
preparing gene to GO mapping data...
preparing IC data...
Slimming 24 CC terms with rrvgo (threshold = 0.7)...
preparing gene to GO mapping data...
preparing IC data...
Slimming 44 MF terms with rrvgo (threshold = 0.7)...
preparing gene to GO mapping data...
preparing IC data...
Converting 206 gene symbols to Entrez IDs...
Mapped 206 of 206 gene symbols to 206 unique Entrez IDs.
Example Entrez IDs: 440888, 152877, 100134444, 1, 100506869, 8321, 105375392, 28512, 5590, 105377136
Running KEGG enrichment via clusterProfiler::enrichKEGG()...
Reading KEGG annotation online: "https://rest.kegg.jp/link/hsa/pathway"...
Reading KEGG annotation online: "https://rest.kegg.jp/list/pathway/hsa"...
GWAS Catalog enrichment: Enrichr attempt 1 of 3
Saved /quobyte/lasallegrp/projects/GROWELL/WGBS/2025_DBS_dmrich_George/results/ppwr/Postpartum/enrichment/Postpartum_GO.pdf
Saved /quobyte/lasallegrp/projects/GROWELL/WGBS/2025_DBS_dmrich_George/results/ppwr/Postpartum/enrichment/Postpartum_KEGG.pdf
Saved /quobyte/lasallegrp/projects/GROWELL/WGBS/2025_DBS_dmrich_George/results/ppwr/Postpartum/enrichment/Postpartum_GWAS.pdf
Done.
