Loaded 99 unique gene symbols from /quobyte/lasallegrp/projects/GROWELL/WGBS/2025_DBS_dmrich_George/results/egwg/Baseline/DMRs/DMRs_annotated.xlsx

Running GO enrichment via clusterProfiler::enrichGO() (offline)...
Slimming 247 BP terms with rrvgo (threshold = 0.7)...
preparing gene to GO mapping data...
preparing IC data...
Slimming 25 CC terms with rrvgo (threshold = 0.7)...
preparing gene to GO mapping data...
preparing IC data...
Slimming 23 MF terms with rrvgo (threshold = 0.7)...
preparing gene to GO mapping data...
preparing IC data...
Warning messages:
1: In rrvgo::calculateSimMatrix(sub$go, orgdb = annoDb, ont = ont_label,  :
  Removed 2 terms that were not found in orgdb for BP
2: In rrvgo::calculateSimMatrix(sub$go, orgdb = annoDb, ont = ont_label,  :
  Removed 1 terms that were not found in orgdb for MF
Converting 99 gene symbols to Entrez IDs...
Mapped 99 of 99 gene symbols to 99 unique Entrez IDs.
Example Entrez IDs: 337867, 105374576, 2494, 342574, 55790, 105379478, 100874047, 4705, 4285, 55604
Running KEGG enrichment via clusterProfiler::enrichKEGG()...
Reading KEGG annotation online: "https://rest.kegg.jp/link/hsa/pathway"...
Reading KEGG annotation online: "https://rest.kegg.jp/list/pathway/hsa"...
GWAS Catalog enrichment: Enrichr attempt 1 of 3
Saved /quobyte/lasallegrp/projects/GROWELL/WGBS/2025_DBS_dmrich_George/results/egwg/Baseline/enrichment/Baseline_GO.pdf
Saved /quobyte/lasallegrp/projects/GROWELL/WGBS/2025_DBS_dmrich_George/results/egwg/Baseline/enrichment/Baseline_KEGG.pdf
Saved /quobyte/lasallegrp/projects/GROWELL/WGBS/2025_DBS_dmrich_George/results/egwg/Baseline/enrichment/Baseline_GWAS.pdf
Done.
