Loaded 168 unique gene symbols from /quobyte/lasallegrp/projects/GROWELL/WGBS/2025_DBS_dmrich_George/results/ppwr/36-38wk/DMRs/DMRs_annotated.xlsx

Running GO enrichment via clusterProfiler::enrichGO() (offline)...
Slimming 81 BP terms with rrvgo (threshold = 0.7)...
preparing gene to GO mapping data...
preparing IC data...
Slimming 11 CC terms with rrvgo (threshold = 0.7)...
preparing gene to GO mapping data...
preparing IC data...
Slimming 13 MF terms with rrvgo (threshold = 0.7)...
preparing gene to GO mapping data...
preparing IC data...
Warning message:
In rrvgo::calculateSimMatrix(sub$go, orgdb = annoDb, ont = ont_label,  :
  Removed 1 terms that were not found in orgdb for BP
Converting 168 gene symbols to Entrez IDs...
Mapped 168 of 168 gene symbols to 168 unique Entrez IDs.
Example Entrez IDs: 105375392, 55112, 9474, 57402, 101954269, 100887750, 84310, 107985352, 6284, 102465447
Running KEGG enrichment via clusterProfiler::enrichKEGG()...
Reading KEGG annotation online: "https://rest.kegg.jp/link/hsa/pathway"...
Reading KEGG annotation online: "https://rest.kegg.jp/list/pathway/hsa"...
GWAS Catalog enrichment: Enrichr attempt 1 of 3
GWAS Catalog enrichment failed: Could not resolve hostname [maayanlab.cloud]:
Could not resolve host: maayanlab.cloud. Retrying in 2 seconds.
GWAS Catalog enrichment: Enrichr attempt 2 of 3
GWAS Catalog enrichment failed: Could not resolve hostname [maayanlab.cloud]:
Could not resolve host: maayanlab.cloud. Retrying in 2 seconds.
GWAS Catalog enrichment: Enrichr attempt 3 of 3
Warning message:
In safe_enrichr(genes, opt$gwas_db, context = "GWAS Catalog enrichment") :
  GWAS Catalog enrichment failed after 3 attempts (Could not resolve hostname [maayanlab.cloud]:
Could not resolve host: maayanlab.cloud) -- skipping. Confirm that this compute node can reach maayanlab.cloud.
Saved /quobyte/lasallegrp/projects/GROWELL/WGBS/2025_DBS_dmrich_George/results/ppwr/36-38wk/enrichment/36-38wk_GO.pdf
Saved /quobyte/lasallegrp/projects/GROWELL/WGBS/2025_DBS_dmrich_George/results/ppwr/36-38wk/enrichment/36-38wk_KEGG.pdf
Done.
