Loaded 176 unique gene symbols from /quobyte/lasallegrp/projects/GROWELL/WGBS/2025_DBS_dmrich_George/results/egwg/36-38wk/DMRs/DMRs_annotated.xlsx

Running GO enrichment via clusterProfiler::enrichGO() (offline)...
Slimming 194 BP terms with rrvgo (threshold = 0.7)...
preparing gene to GO mapping data...
preparing IC data...
Slimming 34 CC terms with rrvgo (threshold = 0.7)...
preparing gene to GO mapping data...
preparing IC data...
Slimming 28 MF terms with rrvgo (threshold = 0.7)...
preparing gene to GO mapping data...
preparing IC data...
Warning messages:
1: In clusterProfiler::bitr(genes, fromType = "SYMBOL", toType = "ENTREZID",  :
  0.57% of input gene IDs are fail to map...
2: In rrvgo::calculateSimMatrix(sub$go, orgdb = annoDb, ont = ont_label,  :
  Removed 2 terms that were not found in orgdb for BP
Converting 176 gene symbols to Entrez IDs...
Mapped 175 of 176 gene symbols to 175 unique Entrez IDs.
Example Entrez IDs: 55841, 4285, 56895, 105374576, 51466, 2834, 10055, 22856, 105379478, 100534593
Running KEGG enrichment via clusterProfiler::enrichKEGG()...
Reading KEGG annotation online: "https://rest.kegg.jp/link/hsa/pathway"...
Reading KEGG annotation online: "https://rest.kegg.jp/list/pathway/hsa"...
Warning message:
In clusterProfiler::bitr(genes, fromType = "SYMBOL", toType = "ENTREZID",  :
  0.57% of input gene IDs are fail to map...
GWAS Catalog enrichment: Enrichr attempt 1 of 3
Saved /quobyte/lasallegrp/projects/GROWELL/WGBS/2025_DBS_dmrich_George/results/egwg/36-38wk/enrichment/36-38wk_GO.pdf
Saved /quobyte/lasallegrp/projects/GROWELL/WGBS/2025_DBS_dmrich_George/results/egwg/36-38wk/enrichment/36-38wk_KEGG.pdf
Saved /quobyte/lasallegrp/projects/GROWELL/WGBS/2025_DBS_dmrich_George/results/egwg/36-38wk/enrichment/36-38wk_GWAS.pdf
Done.
