Loaded 90 unique gene symbols from /quobyte/lasallegrp/projects/GROWELL/WGBS/2025_DBS_dmrich_George/results/experimental_group/Postpartum/DMRs/DMRs_annotated.xlsx

Running GO enrichment via clusterProfiler::enrichGO() (offline)...
Slimming 158 BP terms with rrvgo (threshold = 0.7)...
preparing gene to GO mapping data...
preparing IC data...
Slimming 33 CC terms with rrvgo (threshold = 0.7)...
preparing gene to GO mapping data...
preparing IC data...
Slimming 22 MF terms with rrvgo (threshold = 0.7)...
preparing gene to GO mapping data...
preparing IC data...
Converting 90 gene symbols to Entrez IDs...
Mapped 90 of 90 gene symbols to 90 unique Entrez IDs.
Example Entrez IDs: 200424, 79621, 107984399, 1421, 126129, 6414, 5588, 387778, 4606, 112714
Running KEGG enrichment via clusterProfiler::enrichKEGG()...
Reading KEGG annotation online: "https://rest.kegg.jp/link/hsa/pathway"...
Reading KEGG annotation online: "https://rest.kegg.jp/list/pathway/hsa"...
GWAS Catalog enrichment: Enrichr attempt 1 of 3
Saved /quobyte/lasallegrp/projects/GROWELL/WGBS/2025_DBS_dmrich_George/results/experimental_group/Postpartum/enrichment/Postpartum_GO.pdf
Saved /quobyte/lasallegrp/projects/GROWELL/WGBS/2025_DBS_dmrich_George/results/experimental_group/Postpartum/enrichment/Postpartum_KEGG.pdf
Saved /quobyte/lasallegrp/projects/GROWELL/WGBS/2025_DBS_dmrich_George/results/experimental_group/Postpartum/enrichment/Postpartum_GWAS.pdf
Done.
