Loaded 71 unique gene symbols from /quobyte/lasallegrp/projects/GROWELL/WGBS/2025_DBS_dmrich_George/results/apo/Postpartum/DMRs/DMRs_annotated.xlsx

Running GO enrichment via clusterProfiler::enrichGO() (offline)...
Slimming 233 BP terms with rrvgo (threshold = 0.7)...
preparing gene to GO mapping data...
preparing IC data...
Slimming 34 CC terms with rrvgo (threshold = 0.7)...
preparing gene to GO mapping data...
preparing IC data...
Slimming 37 MF terms with rrvgo (threshold = 0.7)...
preparing gene to GO mapping data...
preparing IC data...
Warning message:
In rrvgo::calculateSimMatrix(sub$go, orgdb = annoDb, ont = ont_label,  :
  Removed 2 terms that were not found in orgdb for BP
Converting 71 gene symbols to Entrez IDs...
Mapped 71 of 71 gene symbols to 71 unique Entrez IDs.
Example Entrez IDs: 8785, 1130, 55620, 9413, 375616, 1058, 195977, 105379297, 389856, 1612
Running KEGG enrichment via clusterProfiler::enrichKEGG()...
Reading KEGG annotation online: "https://rest.kegg.jp/link/hsa/pathway"...
Reading KEGG annotation online: "https://rest.kegg.jp/list/pathway/hsa"...
GWAS Catalog enrichment: Enrichr attempt 1 of 3
Saved /quobyte/lasallegrp/projects/GROWELL/WGBS/2025_DBS_dmrich_George/results/apo/Postpartum/enrichment/Postpartum_GO.pdf
Saved /quobyte/lasallegrp/projects/GROWELL/WGBS/2025_DBS_dmrich_George/results/apo/Postpartum/enrichment/Postpartum_KEGG.pdf
Saved /quobyte/lasallegrp/projects/GROWELL/WGBS/2025_DBS_dmrich_George/results/apo/Postpartum/enrichment/Postpartum_GWAS.pdf
Done.
