Loaded 102 unique gene symbols from /quobyte/lasallegrp/projects/GROWELL/WGBS/2025_DBS_dmrich_George/results/apo/36-38wk/DMRs/DMRs_annotated.xlsx

Running GO enrichment via clusterProfiler::enrichGO() (offline)...
Slimming 116 BP terms with rrvgo (threshold = 0.7)...
preparing gene to GO mapping data...
preparing IC data...
Slimming 10 CC terms with rrvgo (threshold = 0.7)...
preparing gene to GO mapping data...
preparing IC data...
Slimming 25 MF terms with rrvgo (threshold = 0.7)...
preparing gene to GO mapping data...
preparing IC data...
Warning messages:
1: In clusterProfiler::bitr(genes, fromType = "SYMBOL", toType = "ENTREZID",  :
  1.96% of input gene IDs are fail to map...
2: In rrvgo::calculateSimMatrix(sub$go, orgdb = annoDb, ont = ont_label,  :
  Removed 2 terms that were not found in orgdb for BP
3: In rrvgo::calculateSimMatrix(sub$go, orgdb = annoDb, ont = ont_label,  :
  Removed 1 terms that were not found in orgdb for MF
Converting 102 gene symbols to Entrez IDs...
Mapped 100 of 102 gene symbols to 100 unique Entrez IDs.
Example Entrez IDs: 107984773, 1130, 101927468, 100129845, 26047, 91133, 196968, 3149, 5933, 23211
Running KEGG enrichment via clusterProfiler::enrichKEGG()...
Reading KEGG annotation online: "https://rest.kegg.jp/link/hsa/pathway"...
Reading KEGG annotation online: "https://rest.kegg.jp/list/pathway/hsa"...
Warning message:
In clusterProfiler::bitr(genes, fromType = "SYMBOL", toType = "ENTREZID",  :
  1.96% of input gene IDs are fail to map...
GWAS Catalog enrichment: Enrichr attempt 1 of 3
Saved /quobyte/lasallegrp/projects/GROWELL/WGBS/2025_DBS_dmrich_George/results/apo/36-38wk/enrichment/36-38wk_GO.pdf
Saved /quobyte/lasallegrp/projects/GROWELL/WGBS/2025_DBS_dmrich_George/results/apo/36-38wk/enrichment/36-38wk_KEGG.pdf
Saved /quobyte/lasallegrp/projects/GROWELL/WGBS/2025_DBS_dmrich_George/results/apo/36-38wk/enrichment/36-38wk_GWAS.pdf
Done.
