Job ID: 20378189
Array task ID: 2
Host: hive-as-11-3-44
Working directory: /quobyte/lasallegrp/projects/GROWELL/WGBS/2025_DBS_comethyl_George/reproducibility/pixi
Start time: Tue Aug 11 11:02:33 PM PDT 2026
Allocated threads: 4
R home: /quobyte/lasallegrp/projects/GROWELL/WGBS/2025_DBS_comethyl_George/reproducibility/pixi/.pixi/envs/default/lib/R 
R version 4.3.3 (2024-02-29)
Platform: x86_64-conda-linux-gnu (64-bit)
Running under: Ubuntu 22.04.5 LTS

Matrix products: default
BLAS/LAPACK: /quobyte/lasallegrp/projects/GROWELL/WGBS/2025_DBS_comethyl_George/reproducibility/pixi/.pixi/envs/default/lib/libopenblasp-r0.3.32.so;  LAPACK version 3.12.0

locale:
 [1] LC_CTYPE=en_US.UTF-8       LC_NUMERIC=C              
 [3] LC_TIME=en_US.UTF-8        LC_COLLATE=en_US.UTF-8    
 [5] LC_MONETARY=en_US.UTF-8    LC_MESSAGES=en_US.UTF-8   
 [7] LC_PAPER=en_US.UTF-8       LC_NAME=C                 
 [9] LC_ADDRESS=C               LC_TELEPHONE=C            
[11] LC_MEASUREMENT=en_US.UTF-8 LC_IDENTIFICATION=C       

time zone: US/Pacific
tzcode source: system (glibc)

attached base packages:
[1] stats     graphics  grDevices utils     datasets  methods   base     

loaded via a namespace (and not attached):
[1] compiler_4.3.3

Running enrichment
  Analysis:  apo
  Task:      2
  Timepoint: Postpartum
  Input:     /quobyte/lasallegrp/projects/GROWELL/WGBS/2025_DBS_dmrich_George/results/apo/Postpartum/DMRs/DMRs_annotated.xlsx
  Output:    /quobyte/lasallegrp/projects/GROWELL/WGBS/2025_DBS_dmrich_George/results/apo/Postpartum/enrichment
  Mode:      publication


Task 2 (Postpartum) completed successfully.
End time: Tue Aug 11 11:04:38 PM PDT 2026
Elapsed time: 125 seconds
